Archive member included to satisfy reference by file (symbol)

../LED2_bsp/\libhal_bsp.a(alt_load.o)
                              ../LED2_bsp//obj/HAL/src/crt0.o (alt_load)
../LED2_bsp/\libhal_bsp.a(alt_main.o)
                              ../LED2_bsp//obj/HAL/src/crt0.o (alt_main)
../LED2_bsp/\libhal_bsp.a(alt_putstr.o)
                              obj/default/hello_world_small.o (alt_putstr)
../LED2_bsp/\libhal_bsp.a(alt_sys_init.o)
                              ../LED2_bsp/\libhal_bsp.a(alt_main.o) (alt_irq_init)
../LED2_bsp/\libhal_bsp.a(altera_avalon_jtag_uart_write.o)
                              ../LED2_bsp/\libhal_bsp.a(alt_putstr.o) (altera_avalon_jtag_uart_write)
../LED2_bsp/\libhal_bsp.a(alt_dcache_flush_all.o)
                              ../LED2_bsp/\libhal_bsp.a(alt_load.o) (alt_dcache_flush_all)
../LED2_bsp/\libhal_bsp.a(alt_icache_flush_all.o)
                              ../LED2_bsp/\libhal_bsp.a(alt_load.o) (alt_icache_flush_all)
../LED2_bsp/\libhal_bsp.a(altera_nios2_gen2_irq.o)
                              ../LED2_bsp/\libhal_bsp.a(alt_sys_init.o) (altera_nios2_gen2_irq_init)
d:/intelfpga_lite/17.1/nios2eds/bin/gnu/h-x86_64-mingw32/bin/../lib/gcc/nios2-elf/5.3.0/../../../../../H-x86_64-mingw32/nios2-elf/lib/mno-hw-mul\libsmallc.a(lib_a-strlen.o)
                              ../LED2_bsp/\libhal_bsp.a(alt_putstr.o) (strlen)

Memory Configuration

Name             Origin             Length             Attributes
reset            0x0000000000001000 0x0000000000000020
onchip_memory2_0 0x0000000000001020 0x0000000000000fe0
*default*        0x0000000000000000 0xffffffffffffffff

Linker script and memory map

LOAD ../LED2_bsp//obj/HAL/src/crt0.o
LOAD obj/default/hello_world_small.o
LOAD d:/intelfpga_lite/17.1/nios2eds/bin/gnu/h-x86_64-mingw32/bin/../lib/gcc/nios2-elf/5.3.0/../../../../../H-x86_64-mingw32/nios2-elf/lib/mno-hw-mul\libstdc++.a
LOAD d:/intelfpga_lite/17.1/nios2eds/bin/gnu/h-x86_64-mingw32/bin/../lib/gcc/nios2-elf/5.3.0/../../../../../H-x86_64-mingw32/nios2-elf/lib/mno-hw-mul\libm.a
LOAD d:/intelfpga_lite/17.1/nios2eds/bin/gnu/h-x86_64-mingw32/bin/../lib/gcc/nios2-elf/5.3.0/mno-hw-mul\libgcc.a
START GROUP
LOAD d:/intelfpga_lite/17.1/nios2eds/bin/gnu/h-x86_64-mingw32/bin/../lib/gcc/nios2-elf/5.3.0/../../../../../H-x86_64-mingw32/nios2-elf/lib/mno-hw-mul\libsmallc.a
LOAD d:/intelfpga_lite/17.1/nios2eds/bin/gnu/h-x86_64-mingw32/bin/../lib/gcc/nios2-elf/5.3.0/mno-hw-mul\libgcc.a
LOAD ../LED2_bsp/\libhal_bsp.a
LOAD d:/intelfpga_lite/17.1/nios2eds/bin/gnu/h-x86_64-mingw32/bin/../lib/gcc/nios2-elf/5.3.0/../../../../../H-x86_64-mingw32/nios2-elf/lib/mno-hw-mul\libm.a
END GROUP
LOAD d:/intelfpga_lite/17.1/nios2eds/bin/gnu/h-x86_64-mingw32/bin/../lib/gcc/nios2-elf/5.3.0/mno-hw-mul\libgcc.a
                0x0000000000001000                __alt_mem_onchip_memory2_0 = 0x1000

.entry          0x0000000000001000       0x20
 *(.entry)
 .entry         0x0000000000001000       0x20 ../LED2_bsp//obj/HAL/src/crt0.o
                0x0000000000001000                __reset
                0x000000000000100c                _exit

.exceptions     0x0000000000001020        0x0
                0x0000000000001020                PROVIDE (__ram_exceptions_start, ABSOLUTE (.))
                0x0000000000001020                . = ALIGN (0x20)
 *(.irq)
 *(.exceptions.entry.label)
 *(.exceptions.entry.user)
 *(.exceptions.entry.ecc_fatal)
 *(.exceptions.entry)
 *(.exceptions.irqtest.user)
 *(.exceptions.irqtest)
 *(.exceptions.irqhandler.user)
 *(.exceptions.irqhandler)
 *(.exceptions.irqreturn.user)
 *(.exceptions.irqreturn)
 *(.exceptions.notirq.label)
 *(.exceptions.notirq.user)
 *(.exceptions.notirq)
 *(.exceptions.soft.user)
 *(.exceptions.soft)
 *(.exceptions.unknown.user)
 *(.exceptions.unknown)
 *(.exceptions.exit.label)
 *(.exceptions.exit.user)
 *(.exceptions.exit)
 *(.exceptions)
                0x0000000000001020                PROVIDE (__ram_exceptions_end, ABSOLUTE (.))
                0x0000000000001020                PROVIDE (__flash_exceptions_start, LOADADDR (.exceptions))

.text           0x0000000000001020      0x228
                [!provide]                        PROVIDE (stext, ABSOLUTE (.))
 *(.interp)
 *(.hash)
 *(.dynsym)
 *(.dynstr)
 *(.gnu.version)
 *(.gnu.version_d)
 *(.gnu.version_r)
 *(.rel.init)
 *(.rela.init)
 *(.rel.text .rel.text.* .rel.gnu.linkonce.t.*)
 *(.rela.text .rela.text.* .rela.gnu.linkonce.t.*)
 *(.rel.fini)
 *(.rela.fini)
 *(.rel.rodata .rel.rodata.* .rel.gnu.linkonce.r.*)
 *(.rela.rodata .rela.rodata.* .rela.gnu.linkonce.r.*)
 *(.rel.data .rel.data.* .rel.gnu.linkonce.d.*)
 *(.rela.data .rela.data.* .rela.gnu.linkonce.d.*)
 *(.rel.tdata .rel.tdata.* .rel.gnu.linkonce.td.*)
 *(.rela.tdata .rela.tdata.* .rela.gnu.linkonce.td.*)
 *(.rel.tbss .rel.tbss.* .rel.gnu.linkonce.tb.*)
 *(.rela.tbss .rela.tbss.* .rela.gnu.linkonce.tb.*)
 *(.rel.ctors)
 *(.rela.ctors)
 *(.rel.dtors)
 *(.rela.dtors)
 *(.rel.got)
 *(.rela.got)
 *(.rel.sdata .rel.sdata.* .rel.gnu.linkonce.s.*)
 *(.rela.sdata .rela.sdata.* .rela.gnu.linkonce.s.*)
 *(.rel.sbss .rel.sbss.* .rel.gnu.linkonce.sb.*)
 *(.rela.sbss .rela.sbss.* .rela.gnu.linkonce.sb.*)
 *(.rel.sdata2 .rel.sdata2.* .rel.gnu.linkonce.s2.*)
 *(.rela.sdata2 .rela.sdata2.* .rela.gnu.linkonce.s2.*)
 *(.rel.sbss2 .rel.sbss2.* .rel.gnu.linkonce.sb2.*)
 *(.rela.sbss2 .rela.sbss2.* .rela.gnu.linkonce.sb2.*)
 *(.rel.bss .rel.bss.* .rel.gnu.linkonce.b.*)
 *(.rela.bss .rela.bss.* .rela.gnu.linkonce.b.*)
 *(.rel.plt)
 *(.rela.plt)
 *(.rel.dyn)
 *(.init)
 *(.plt)
 *(.text .stub .text.* .gnu.linkonce.t.*)
 .text          0x0000000000001020       0x3c ../LED2_bsp//obj/HAL/src/crt0.o
                0x0000000000001020                _start
 .text          0x000000000000105c        0x0 obj/default/hello_world_small.o
 .text.startup  0x000000000000105c       0x24 obj/default/hello_world_small.o
                0x000000000000105c                main
 .text          0x0000000000001080       0xe0 ../LED2_bsp/\libhal_bsp.a(alt_load.o)
                0x0000000000001080                alt_load
 .text          0x0000000000001160       0x2c ../LED2_bsp/\libhal_bsp.a(alt_main.o)
                0x0000000000001160                alt_main
 .text          0x000000000000118c       0x38 ../LED2_bsp/\libhal_bsp.a(alt_putstr.o)
                0x000000000000118c                alt_putstr
 .text          0x00000000000011c4       0x24 ../LED2_bsp/\libhal_bsp.a(alt_sys_init.o)
                0x00000000000011c4                alt_irq_init
                0x00000000000011e4                alt_sys_init
 .text          0x00000000000011e8       0x34 ../LED2_bsp/\libhal_bsp.a(altera_avalon_jtag_uart_write.o)
                0x00000000000011e8                altera_avalon_jtag_uart_write
 .text          0x000000000000121c        0x4 ../LED2_bsp/\libhal_bsp.a(alt_dcache_flush_all.o)
                0x000000000000121c                alt_dcache_flush_all
 .text          0x0000000000001220        0x4 ../LED2_bsp/\libhal_bsp.a(alt_icache_flush_all.o)
                0x0000000000001220                alt_icache_flush_all
 .text          0x0000000000001224        0x8 ../LED2_bsp/\libhal_bsp.a(altera_nios2_gen2_irq.o)
                0x0000000000001224                altera_nios2_gen2_irq_init
 .text          0x000000000000122c        0x0 d:/intelfpga_lite/17.1/nios2eds/bin/gnu/h-x86_64-mingw32/bin/../lib/gcc/nios2-elf/5.3.0/../../../../../H-x86_64-mingw32/nios2-elf/lib/mno-hw-mul\libsmallc.a(lib_a-strlen.o)
 .text.strlen   0x000000000000122c       0x1c d:/intelfpga_lite/17.1/nios2eds/bin/gnu/h-x86_64-mingw32/bin/../lib/gcc/nios2-elf/5.3.0/../../../../../H-x86_64-mingw32/nios2-elf/lib/mno-hw-mul\libsmallc.a(lib_a-strlen.o)
                0x000000000000122c                strlen
 *(.gnu.warning.*)
 *(.fini)
                [!provide]                        PROVIDE (__etext, ABSOLUTE (.))
                [!provide]                        PROVIDE (_etext, ABSOLUTE (.))
                [!provide]                        PROVIDE (etext, ABSOLUTE (.))
 *(.eh_frame_hdr)
                0x0000000000001248                . = ALIGN (0x4)
                [!provide]                        PROVIDE (__preinit_array_start, ABSOLUTE (.))
 *(.preinit_array)
                [!provide]                        PROVIDE (__preinit_array_end, ABSOLUTE (.))
                [!provide]                        PROVIDE (__init_array_start, ABSOLUTE (.))
 *(.init_array)
                [!provide]                        PROVIDE (__init_array_end, ABSOLUTE (.))
                [!provide]                        PROVIDE (__fini_array_start, ABSOLUTE (.))
 *(.fini_array)
                [!provide]                        PROVIDE (__fini_array_end, ABSOLUTE (.))
 *(.eh_frame)
 *(.gcc_except_table .gcc_except_table.*)
 *(.dynamic)
                [!provide]                        PROVIDE (__CTOR_LIST__, ABSOLUTE (.))
 *(.ctors)
 *(SORT(.ctors.*))
                [!provide]                        PROVIDE (__CTOR_END__, ABSOLUTE (.))
                [!provide]                        PROVIDE (__DTOR_LIST__, ABSOLUTE (.))
 *(.dtors)
 *(SORT(.dtors.*))
                [!provide]                        PROVIDE (__DTOR_END__, ABSOLUTE (.))
 *(.jcr)
                0x0000000000001248                . = ALIGN (0x4)

.rodata         0x0000000000001248       0x18
                0x0000000000001248                PROVIDE (__ram_rodata_start, ABSOLUTE (.))
                0x0000000000001248                . = ALIGN (0x4)
 *(.rodata .rodata.* .gnu.linkonce.r.*)
 .rodata.str1.4
                0x0000000000001248       0x18 obj/default/hello_world_small.o
                                         0x15 (size before relaxing)
 *(.rodata1)
                0x0000000000001260                . = ALIGN (0x4)
                0x0000000000001260                PROVIDE (__ram_rodata_end, ABSOLUTE (.))
                0x0000000000001248                PROVIDE (__flash_rodata_start, LOADADDR (.rodata))

.rwdata         0x0000000000001260        0x4 load address 0x0000000000001264
                0x0000000000001260                PROVIDE (__ram_rwdata_start, ABSOLUTE (.))
                0x0000000000001260                . = ALIGN (0x4)
 *(.got.plt)
 *(.got)
 *(.data1)
 *(.data .data.* .gnu.linkonce.d.*)
 .data          0x0000000000001260        0x0 ../LED2_bsp//obj/HAL/src/crt0.o
 .data          0x0000000000001260        0x0 obj/default/hello_world_small.o
 .data          0x0000000000001260        0x0 ../LED2_bsp/\libhal_bsp.a(alt_load.o)
 .data          0x0000000000001260        0x0 ../LED2_bsp/\libhal_bsp.a(alt_main.o)
 .data          0x0000000000001260        0x0 ../LED2_bsp/\libhal_bsp.a(alt_putstr.o)
 .data          0x0000000000001260        0x0 ../LED2_bsp/\libhal_bsp.a(alt_sys_init.o)
 .data          0x0000000000001260        0x0 ../LED2_bsp/\libhal_bsp.a(altera_avalon_jtag_uart_write.o)
 .data          0x0000000000001260        0x0 ../LED2_bsp/\libhal_bsp.a(alt_dcache_flush_all.o)
 .data          0x0000000000001260        0x0 ../LED2_bsp/\libhal_bsp.a(alt_icache_flush_all.o)
 .data          0x0000000000001260        0x0 ../LED2_bsp/\libhal_bsp.a(altera_nios2_gen2_irq.o)
 .data          0x0000000000001260        0x0 d:/intelfpga_lite/17.1/nios2eds/bin/gnu/h-x86_64-mingw32/bin/../lib/gcc/nios2-elf/5.3.0/../../../../../H-x86_64-mingw32/nios2-elf/lib/mno-hw-mul\libsmallc.a(lib_a-strlen.o)
                0x0000000000009260                _gp = ABSOLUTE ((. + 0x8000))
                [!provide]                        PROVIDE (gp, _gp)
 *(.rwdata .rwdata.*)
 *(.sdata .sdata.* .gnu.linkonce.s.*)
 .sdata         0x0000000000001260        0x4 ../LED2_bsp/\libhal_bsp.a(alt_sys_init.o)
                0x0000000000001260                jtag_uart_0
 *(.sdata2 .sdata2.* .gnu.linkonce.s2.*)
                0x0000000000001264                . = ALIGN (0x4)
                0x0000000000001264                _edata = ABSOLUTE (.)
                [!provide]                        PROVIDE (edata, ABSOLUTE (.))
                0x0000000000001264                PROVIDE (__ram_rwdata_end, ABSOLUTE (.))
                0x0000000000001264                PROVIDE (__flash_rwdata_start, LOADADDR (.rwdata))

.bss            0x0000000000001268        0xc
                0x0000000000001268                __bss_start = ABSOLUTE (.)
                [!provide]                        PROVIDE (__sbss_start, ABSOLUTE (.))
                [!provide]                        PROVIDE (___sbss_start, ABSOLUTE (.))
 *(.dynsbss)
 *(.sbss .sbss.* .gnu.linkonce.sb.*)
 .sbss          0x0000000000001268        0xc ../LED2_bsp/\libhal_bsp.a(alt_main.o)
                0x0000000000001268                alt_envp
                0x000000000000126c                alt_argv
                0x0000000000001270                alt_argc
 *(.sbss2 .sbss2.* .gnu.linkonce.sb2.*)
 *(.scommon)
                [!provide]                        PROVIDE (__sbss_end, ABSOLUTE (.))
                [!provide]                        PROVIDE (___sbss_end, ABSOLUTE (.))
 *(.dynbss)
 *(.bss .bss.* .gnu.linkonce.b.*)
 .bss           0x0000000000001274        0x0 ../LED2_bsp//obj/HAL/src/crt0.o
 .bss           0x0000000000001274        0x0 obj/default/hello_world_small.o
 .bss           0x0000000000001274        0x0 ../LED2_bsp/\libhal_bsp.a(alt_load.o)
 .bss           0x0000000000001274        0x0 ../LED2_bsp/\libhal_bsp.a(alt_main.o)
 .bss           0x0000000000001274        0x0 ../LED2_bsp/\libhal_bsp.a(alt_putstr.o)
 .bss           0x0000000000001274        0x0 ../LED2_bsp/\libhal_bsp.a(alt_sys_init.o)
 .bss           0x0000000000001274        0x0 ../LED2_bsp/\libhal_bsp.a(altera_avalon_jtag_uart_write.o)
 .bss           0x0000000000001274        0x0 ../LED2_bsp/\libhal_bsp.a(alt_dcache_flush_all.o)
 .bss           0x0000000000001274        0x0 ../LED2_bsp/\libhal_bsp.a(alt_icache_flush_all.o)
 .bss           0x0000000000001274        0x0 ../LED2_bsp/\libhal_bsp.a(altera_nios2_gen2_irq.o)
 .bss           0x0000000000001274        0x0 d:/intelfpga_lite/17.1/nios2eds/bin/gnu/h-x86_64-mingw32/bin/../lib/gcc/nios2-elf/5.3.0/../../../../../H-x86_64-mingw32/nios2-elf/lib/mno-hw-mul\libsmallc.a(lib_a-strlen.o)
 *(COMMON)
                0x0000000000001274                . = ALIGN (0x4)
                0x0000000000001274                __bss_end = ABSOLUTE (.)

.onchip_memory2_0
                0x0000000000001274        0x0
                [!provide]                        PROVIDE (_alt_partition_onchip_memory2_0_start, ABSOLUTE (.))
 *(.onchip_memory2_0 .onchip_memory2_0. onchip_memory2_0.*)
                0x0000000000001274                . = ALIGN (0x4)
                [!provide]                        PROVIDE (_alt_partition_onchip_memory2_0_end, ABSOLUTE (.))
                0x0000000000001274                _end = ABSOLUTE (.)
                0x0000000000001274                end = ABSOLUTE (.)
                0x0000000000001274                __alt_stack_base = ABSOLUTE (.)
                [!provide]                        PROVIDE (_alt_partition_onchip_memory2_0_load_addr, LOADADDR (.onchip_memory2_0))

.stab
 *(.stab)

.stabstr
 *(.stabstr)

.stab.excl
 *(.stab.excl)

.stab.exclstr
 *(.stab.exclstr)

.stab.index
 *(.stab.index)

.stab.indexstr
 *(.stab.indexstr)

.comment        0x0000000000000000       0x23
 *(.comment)
 .comment       0x0000000000000000       0x23 obj/default/hello_world_small.o
                                         0x24 (size before relaxing)
 .comment       0x0000000000000023       0x24 ../LED2_bsp/\libhal_bsp.a(alt_load.o)
 .comment       0x0000000000000023       0x24 ../LED2_bsp/\libhal_bsp.a(alt_main.o)
 .comment       0x0000000000000023       0x24 ../LED2_bsp/\libhal_bsp.a(alt_putstr.o)
 .comment       0x0000000000000023       0x24 ../LED2_bsp/\libhal_bsp.a(alt_sys_init.o)
 .comment       0x0000000000000023       0x24 ../LED2_bsp/\libhal_bsp.a(altera_avalon_jtag_uart_write.o)
 .comment       0x0000000000000023       0x24 ../LED2_bsp/\libhal_bsp.a(alt_dcache_flush_all.o)
 .comment       0x0000000000000023       0x24 ../LED2_bsp/\libhal_bsp.a(alt_icache_flush_all.o)
 .comment       0x0000000000000023       0x24 ../LED2_bsp/\libhal_bsp.a(altera_nios2_gen2_irq.o)
 .comment       0x0000000000000023       0x24 d:/intelfpga_lite/17.1/nios2eds/bin/gnu/h-x86_64-mingw32/bin/../lib/gcc/nios2-elf/5.3.0/../../../../../H-x86_64-mingw32/nios2-elf/lib/mno-hw-mul\libsmallc.a(lib_a-strlen.o)

.debug
 *(.debug)

.line
 *(.line)

.debug_srcinfo
 *(.debug_srcinfo)

.debug_sfnames
 *(.debug_sfnames)

.debug_aranges  0x0000000000000000      0x168
 *(.debug_aranges)
 .debug_aranges
                0x0000000000000000       0x28 ../LED2_bsp//obj/HAL/src/crt0.o
 .debug_aranges
                0x0000000000000028       0x20 obj/default/hello_world_small.o
 .debug_aranges
                0x0000000000000048       0x20 ../LED2_bsp/\libhal_bsp.a(alt_load.o)
 .debug_aranges
                0x0000000000000068       0x20 ../LED2_bsp/\libhal_bsp.a(alt_main.o)
 .debug_aranges
                0x0000000000000088       0x20 ../LED2_bsp/\libhal_bsp.a(alt_putstr.o)
 .debug_aranges
                0x00000000000000a8       0x20 ../LED2_bsp/\libhal_bsp.a(alt_sys_init.o)
 .debug_aranges
                0x00000000000000c8       0x20 ../LED2_bsp/\libhal_bsp.a(altera_avalon_jtag_uart_write.o)
 .debug_aranges
                0x00000000000000e8       0x20 ../LED2_bsp/\libhal_bsp.a(alt_dcache_flush_all.o)
 .debug_aranges
                0x0000000000000108       0x20 ../LED2_bsp/\libhal_bsp.a(alt_icache_flush_all.o)
 .debug_aranges
                0x0000000000000128       0x20 ../LED2_bsp/\libhal_bsp.a(altera_nios2_gen2_irq.o)
 .debug_aranges
                0x0000000000000148       0x20 d:/intelfpga_lite/17.1/nios2eds/bin/gnu/h-x86_64-mingw32/bin/../lib/gcc/nios2-elf/5.3.0/../../../../../H-x86_64-mingw32/nios2-elf/lib/mno-hw-mul\libsmallc.a(lib_a-strlen.o)

.debug_pubnames
 *(.debug_pubnames)

.debug_info     0x0000000000000000      0xb28
 *(.debug_info .gnu.linkonce.wi.*)
 .debug_info    0x0000000000000000       0x79 ../LED2_bsp//obj/HAL/src/crt0.o
 .debug_info    0x0000000000000079       0xa8 obj/default/hello_world_small.o
 .debug_info    0x0000000000000121      0x1c9 ../LED2_bsp/\libhal_bsp.a(alt_load.o)
 .debug_info    0x00000000000002ea      0x169 ../LED2_bsp/\libhal_bsp.a(alt_main.o)
 .debug_info    0x0000000000000453      0x13a ../LED2_bsp/\libhal_bsp.a(alt_putstr.o)
 .debug_info    0x000000000000058d      0x185 ../LED2_bsp/\libhal_bsp.a(alt_sys_init.o)
 .debug_info    0x0000000000000712      0x197 ../LED2_bsp/\libhal_bsp.a(altera_avalon_jtag_uart_write.o)
 .debug_info    0x00000000000008a9       0x92 ../LED2_bsp/\libhal_bsp.a(alt_dcache_flush_all.o)
 .debug_info    0x000000000000093b       0x92 ../LED2_bsp/\libhal_bsp.a(alt_icache_flush_all.o)
 .debug_info    0x00000000000009cd       0x92 ../LED2_bsp/\libhal_bsp.a(altera_nios2_gen2_irq.o)
 .debug_info    0x0000000000000a5f       0xc9 d:/intelfpga_lite/17.1/nios2eds/bin/gnu/h-x86_64-mingw32/bin/../lib/gcc/nios2-elf/5.3.0/../../../../../H-x86_64-mingw32/nios2-elf/lib/mno-hw-mul\libsmallc.a(lib_a-strlen.o)

.debug_abbrev   0x0000000000000000      0x648
 *(.debug_abbrev)
 .debug_abbrev  0x0000000000000000       0x12 ../LED2_bsp//obj/HAL/src/crt0.o
 .debug_abbrev  0x0000000000000012       0x7c obj/default/hello_world_small.o
 .debug_abbrev  0x000000000000008e       0xd8 ../LED2_bsp/\libhal_bsp.a(alt_load.o)
 .debug_abbrev  0x0000000000000166       0xee ../LED2_bsp/\libhal_bsp.a(alt_main.o)
 .debug_abbrev  0x0000000000000254       0xd3 ../LED2_bsp/\libhal_bsp.a(alt_putstr.o)
 .debug_abbrev  0x0000000000000327      0x107 ../LED2_bsp/\libhal_bsp.a(alt_sys_init.o)
 .debug_abbrev  0x000000000000042e       0xd5 ../LED2_bsp/\libhal_bsp.a(altera_avalon_jtag_uart_write.o)
 .debug_abbrev  0x0000000000000503       0x42 ../LED2_bsp/\libhal_bsp.a(alt_dcache_flush_all.o)
 .debug_abbrev  0x0000000000000545       0x42 ../LED2_bsp/\libhal_bsp.a(alt_icache_flush_all.o)
 .debug_abbrev  0x0000000000000587       0x42 ../LED2_bsp/\libhal_bsp.a(altera_nios2_gen2_irq.o)
 .debug_abbrev  0x00000000000005c9       0x7f d:/intelfpga_lite/17.1/nios2eds/bin/gnu/h-x86_64-mingw32/bin/../lib/gcc/nios2-elf/5.3.0/../../../../../H-x86_64-mingw32/nios2-elf/lib/mno-hw-mul\libsmallc.a(lib_a-strlen.o)

.debug_line     0x0000000000000000      0x73c
 *(.debug_line)
 .debug_line    0x0000000000000000       0x66 ../LED2_bsp//obj/HAL/src/crt0.o
 .debug_line    0x0000000000000066       0x9c obj/default/hello_world_small.o
 .debug_line    0x0000000000000102       0xa4 ../LED2_bsp/\libhal_bsp.a(alt_load.o)
 .debug_line    0x00000000000001a6       0xbd ../LED2_bsp/\libhal_bsp.a(alt_main.o)
 .debug_line    0x0000000000000263       0xa0 ../LED2_bsp/\libhal_bsp.a(alt_putstr.o)
 .debug_line    0x0000000000000303      0x101 ../LED2_bsp/\libhal_bsp.a(alt_sys_init.o)
 .debug_line    0x0000000000000404       0xf0 ../LED2_bsp/\libhal_bsp.a(altera_avalon_jtag_uart_write.o)
 .debug_line    0x00000000000004f4       0x4e ../LED2_bsp/\libhal_bsp.a(alt_dcache_flush_all.o)
 .debug_line    0x0000000000000542       0x4e ../LED2_bsp/\libhal_bsp.a(alt_icache_flush_all.o)
 .debug_line    0x0000000000000590       0x50 ../LED2_bsp/\libhal_bsp.a(altera_nios2_gen2_irq.o)
 .debug_line    0x00000000000005e0      0x15c d:/intelfpga_lite/17.1/nios2eds/bin/gnu/h-x86_64-mingw32/bin/../lib/gcc/nios2-elf/5.3.0/../../../../../H-x86_64-mingw32/nios2-elf/lib/mno-hw-mul\libsmallc.a(lib_a-strlen.o)

.debug_frame    0x0000000000000000      0x190
 *(.debug_frame)
 .debug_frame   0x0000000000000000       0x28 obj/default/hello_world_small.o
 .debug_frame   0x0000000000000028       0x30 ../LED2_bsp/\libhal_bsp.a(alt_load.o)
 .debug_frame   0x0000000000000058       0x2c ../LED2_bsp/\libhal_bsp.a(alt_main.o)
 .debug_frame   0x0000000000000084       0x30 ../LED2_bsp/\libhal_bsp.a(alt_putstr.o)
 .debug_frame   0x00000000000000b4       0x3c ../LED2_bsp/\libhal_bsp.a(alt_sys_init.o)
 .debug_frame   0x00000000000000f0       0x20 ../LED2_bsp/\libhal_bsp.a(altera_avalon_jtag_uart_write.o)
 .debug_frame   0x0000000000000110       0x20 ../LED2_bsp/\libhal_bsp.a(alt_dcache_flush_all.o)
 .debug_frame   0x0000000000000130       0x20 ../LED2_bsp/\libhal_bsp.a(alt_icache_flush_all.o)
 .debug_frame   0x0000000000000150       0x20 ../LED2_bsp/\libhal_bsp.a(altera_nios2_gen2_irq.o)
 .debug_frame   0x0000000000000170       0x20 d:/intelfpga_lite/17.1/nios2eds/bin/gnu/h-x86_64-mingw32/bin/../lib/gcc/nios2-elf/5.3.0/../../../../../H-x86_64-mingw32/nios2-elf/lib/mno-hw-mul\libsmallc.a(lib_a-strlen.o)

.debug_str      0x0000000000000000      0x5c0
 *(.debug_str)
 .debug_str     0x0000000000000000      0x100 obj/default/hello_world_small.o
                                        0x12c (size before relaxing)
 .debug_str     0x0000000000000100      0x175 ../LED2_bsp/\libhal_bsp.a(alt_load.o)
                                        0x247 (size before relaxing)
 .debug_str     0x0000000000000275       0x8f ../LED2_bsp/\libhal_bsp.a(alt_main.o)
                                        0x1c0 (size before relaxing)
 .debug_str     0x0000000000000304       0x66 ../LED2_bsp/\libhal_bsp.a(alt_putstr.o)
                                        0x19d (size before relaxing)
 .debug_str     0x000000000000036a       0x86 ../LED2_bsp/\libhal_bsp.a(alt_sys_init.o)
                                        0x231 (size before relaxing)
 .debug_str     0x00000000000003f0       0x38 ../LED2_bsp/\libhal_bsp.a(altera_avalon_jtag_uart_write.o)
                                        0x220 (size before relaxing)
 .debug_str     0x0000000000000428       0x1f ../LED2_bsp/\libhal_bsp.a(alt_dcache_flush_all.o)
                                        0x160 (size before relaxing)
 .debug_str     0x0000000000000447       0x1f ../LED2_bsp/\libhal_bsp.a(alt_icache_flush_all.o)
                                        0x160 (size before relaxing)
 .debug_str     0x0000000000000466       0x20 ../LED2_bsp/\libhal_bsp.a(altera_nios2_gen2_irq.o)
                                        0x167 (size before relaxing)
 .debug_str     0x0000000000000486      0x13a d:/intelfpga_lite/17.1/nios2eds/bin/gnu/h-x86_64-mingw32/bin/../lib/gcc/nios2-elf/5.3.0/../../../../../H-x86_64-mingw32/nios2-elf/lib/mno-hw-mul\libsmallc.a(lib_a-strlen.o)
                                        0x1e5 (size before relaxing)

.debug_loc      0x0000000000000000      0x101
 *(.debug_loc)
 .debug_loc     0x0000000000000000       0x37 ../LED2_bsp/\libhal_bsp.a(alt_putstr.o)
 .debug_loc     0x0000000000000037       0x21 ../LED2_bsp/\libhal_bsp.a(alt_sys_init.o)
 .debug_loc     0x0000000000000058       0x8b ../LED2_bsp/\libhal_bsp.a(altera_avalon_jtag_uart_write.o)
 .debug_loc     0x00000000000000e3       0x1e d:/intelfpga_lite/17.1/nios2eds/bin/gnu/h-x86_64-mingw32/bin/../lib/gcc/nios2-elf/5.3.0/../../../../../H-x86_64-mingw32/nios2-elf/lib/mno-hw-mul\libsmallc.a(lib_a-strlen.o)

.debug_macinfo
 *(.debug_macinfo)

.debug_weaknames
 *(.debug_weaknames)

.debug_funcnames
 *(.debug_funcnames)

.debug_typenames
 *(.debug_typenames)

.debug_varnames
 *(.debug_varnames)

.debug_alt_sim_info
                0x0000000000000000       0x10
 *(.debug_alt_sim_info)
 .debug_alt_sim_info
                0x0000000000000000       0x10 ../LED2_bsp//obj/HAL/src/crt0.o
                0x0000000000002000                __alt_data_end = 0x2000
                0x0000000000002000                PROVIDE (__alt_stack_pointer, __alt_data_end)
                [!provide]                        PROVIDE (__alt_stack_limit, __alt_stack_base)
                [!provide]                        PROVIDE (__alt_heap_start, end)
                [!provide]                        PROVIDE (__alt_heap_limit, 0x2000)
OUTPUT(LED2.elf elf32-littlenios2)

.debug_ranges   0x0000000000000000       0x88
 .debug_ranges  0x0000000000000000       0x20 ../LED2_bsp//obj/HAL/src/crt0.o
 .debug_ranges  0x0000000000000020       0x10 obj/default/hello_world_small.o
 .debug_ranges  0x0000000000000030       0x48 ../LED2_bsp/\libhal_bsp.a(alt_load.o)
 .debug_ranges  0x0000000000000078       0x10 d:/intelfpga_lite/17.1/nios2eds/bin/gnu/h-x86_64-mingw32/bin/../lib/gcc/nios2-elf/5.3.0/../../../../../H-x86_64-mingw32/nios2-elf/lib/mno-hw-mul\libsmallc.a(lib_a-strlen.o)
